{"timestamp": "2026-09-19T00:06:31.845082+00:00", "level": "INFO", "logger": "app", "message": "Logging configured - Level: INFO, Log directory: /Users/emmanuelevilafo/Documents/Documents - MacBook Pro de Evilafo/Business/juniorfrebonne/instance/logs", "module": "logging_config", "function": "setup_logging", "line": 149}
{"timestamp": "2026-09-19T00:06:31.845152+00:00", "level": "INFO", "logger": "app", "message": "Error handlers registered", "module": "error_handlers", "function": "register_error_handlers", "line": 162}
{"timestamp": "2026-09-19T00:06:31.908001+00:00", "level": "INFO", "logger": "app", "message": "Logging configured - Level: INFO, Log directory: /Users/emmanuelevilafo/Documents/Documents - MacBook Pro de Evilafo/Business/juniorfrebonne/instance/logs", "module": "logging_config", "function": "setup_logging", "line": 149}
{"timestamp": "2026-09-19T00:06:31.908072+00:00", "level": "INFO", "logger": "app", "message": "Error handlers registered", "module": "error_handlers", "function": "register_error_handlers", "line": 162}
{"timestamp": "2026-09-19T00:06:32.116004+00:00", "level": "INFO", "logger": "app", "message": "Logging configured - Level: INFO, Log directory: /Users/emmanuelevilafo/Documents/Documents - MacBook Pro de Evilafo/Business/juniorfrebonne/instance/logs", "module": "logging_config", "function": "setup_logging", "line": 149}
{"timestamp": "2026-09-19T00:06:32.116058+00:00", "level": "INFO", "logger": "app", "message": "Error handlers registered", "module": "error_handlers", "function": "register_error_handlers", "line": 162}
{"timestamp": "2026-09-19T00:06:32.310426+00:00", "level": "INFO", "logger": "app", "message": "Logging configured - Level: INFO, Log directory: /Users/emmanuelevilafo/Documents/Documents - MacBook Pro de Evilafo/Business/juniorfrebonne/instance/logs", "module": "logging_config", "function": "setup_logging", "line": 149}
{"timestamp": "2026-09-19T00:06:32.310476+00:00", "level": "INFO", "logger": "app", "message": "Error handlers registered", "module": "error_handlers", "function": "register_error_handlers", "line": 162}
{"timestamp": "2026-09-19T00:06:32.498145+00:00", "level": "INFO", "logger": "app", "message": "Logging configured - Level: INFO, Log directory: /Users/emmanuelevilafo/Documents/Documents - MacBook Pro de Evilafo/Business/juniorfrebonne/instance/logs", "module": "logging_config", "function": "setup_logging", "line": 149}
{"timestamp": "2026-09-19T00:06:32.498195+00:00", "level": "INFO", "logger": "app", "message": "Error handlers registered", "module": "error_handlers", "function": "register_error_handlers", "line": 162}
{"timestamp": "2026-09-19T00:06:32.505058+00:00", "level": "WARNING", "logger": "app", "message": "HTTP error: {'error_type': 'MethodNotAllowed', 'error_message': '405 Method Not Allowed: The method is not allowed for the requested URL.', 'path': '/cancel-appointment/1', 'method': 'GET', 'ip': '127.0.0.1', 'timestamp': '2026-09-19T00:06:32.505019+00:00'}", "module": "error_handlers", "function": "log_error", "line": 134}
{"timestamp": "2026-09-19T00:06:32.605386+00:00", "level": "WARNING", "logger": "security", "message": "{\"event_type\": \"failed_login\", \"timestamp\": \"2026-09-19T00:06:32.605369+00:00\", \"ip\": \"127.0.0.1\"}", "module": "", "function": null, "line": 0, "action": "failed_login"}
{"timestamp": "2026-09-19T00:06:32.605398+00:00", "level": "WARNING", "logger": "security", "message": "{\"event_type\": \"failed_login\", \"timestamp\": \"2026-09-19T00:06:32.605369+00:00\", \"ip\": \"127.0.0.1\"}", "module": "", "function": null, "line": 0, "action": "failed_login"}
{"timestamp": "2026-09-19T00:06:32.605406+00:00", "level": "WARNING", "logger": "security", "message": "{\"event_type\": \"failed_login\", \"timestamp\": \"2026-09-19T00:06:32.605369+00:00\", \"ip\": \"127.0.0.1\"}", "module": "", "function": null, "line": 0, "action": "failed_login"}
{"timestamp": "2026-09-19T00:06:32.605417+00:00", "level": "WARNING", "logger": "security", "message": "{\"event_type\": \"failed_login\", \"timestamp\": \"2026-09-19T00:06:32.605369+00:00\", \"ip\": \"127.0.0.1\"}", "module": "", "function": null, "line": 0, "action": "failed_login"}
{"timestamp": "2026-09-19T00:06:32.605428+00:00", "level": "WARNING", "logger": "security", "message": "{\"event_type\": \"failed_login\", \"timestamp\": \"2026-09-19T00:06:32.605369+00:00\", \"ip\": \"127.0.0.1\"}", "module": "", "function": null, "line": 0, "action": "failed_login"}
{"timestamp": "2026-09-19T00:06:32.605660+00:00", "level": "CRITICAL", "logger": "security", "message": "{\"event_type\": \"unauthorized_access\", \"timestamp\": \"2026-09-19T00:06:32.605646+00:00\", \"user_id\": 1}", "module": "", "function": null, "line": 0, "action": "unauthorized_access"}
{"timestamp": "2026-09-19T00:06:32.605668+00:00", "level": "CRITICAL", "logger": "security", "message": "{\"event_type\": \"unauthorized_access\", \"timestamp\": \"2026-09-19T00:06:32.605646+00:00\", \"user_id\": 1}", "module": "", "function": null, "line": 0, "action": "unauthorized_access"}
{"timestamp": "2026-09-19T00:06:32.605673+00:00", "level": "CRITICAL", "logger": "security", "message": "{\"event_type\": \"unauthorized_access\", \"timestamp\": \"2026-09-19T00:06:32.605646+00:00\", \"user_id\": 1}", "module": "", "function": null, "line": 0, "action": "unauthorized_access"}
{"timestamp": "2026-09-19T00:06:32.605678+00:00", "level": "CRITICAL", "logger": "security", "message": "{\"event_type\": \"unauthorized_access\", \"timestamp\": \"2026-09-19T00:06:32.605646+00:00\", \"user_id\": 1}", "module": "", "function": null, "line": 0, "action": "unauthorized_access"}
{"timestamp": "2026-09-19T00:06:32.605683+00:00", "level": "CRITICAL", "logger": "security", "message": "{\"event_type\": \"unauthorized_access\", \"timestamp\": \"2026-09-19T00:06:32.605646+00:00\", \"user_id\": 1}", "module": "", "function": null, "line": 0, "action": "unauthorized_access"}
{"timestamp": "2026-09-19T00:06:32.605926+00:00", "level": "INFO", "logger": "database", "message": "{\"operation\": \"insert\", \"table\": \"users\", \"timestamp\": \"2026-09-19T00:06:32.605917+00:00\", \"user_id\": 1}", "module": "", "function": null, "line": 0, "action": "insert", "resource": "users"}
{"timestamp": "2026-09-19T00:06:32.605935+00:00", "level": "INFO", "logger": "database", "message": "{\"operation\": \"insert\", \"table\": \"users\", \"timestamp\": \"2026-09-19T00:06:32.605917+00:00\", \"user_id\": 1}", "module": "", "function": null, "line": 0, "action": "insert", "resource": "users"}
{"timestamp": "2026-09-19T00:06:32.605942+00:00", "level": "INFO", "logger": "database", "message": "{\"operation\": \"insert\", \"table\": \"users\", \"timestamp\": \"2026-09-19T00:06:32.605917+00:00\", \"user_id\": 1}", "module": "", "function": null, "line": 0, "action": "insert", "resource": "users"}
{"timestamp": "2026-09-19T00:06:32.605948+00:00", "level": "INFO", "logger": "database", "message": "{\"operation\": \"insert\", \"table\": \"users\", \"timestamp\": \"2026-09-19T00:06:32.605917+00:00\", \"user_id\": 1}", "module": "", "function": null, "line": 0, "action": "insert", "resource": "users"}
{"timestamp": "2026-09-19T00:06:32.605955+00:00", "level": "INFO", "logger": "database", "message": "{\"operation\": \"insert\", \"table\": \"users\", \"timestamp\": \"2026-09-19T00:06:32.605917+00:00\", \"user_id\": 1}", "module": "", "function": null, "line": 0, "action": "insert", "resource": "users"}
{"timestamp": "2026-09-19T00:06:32.607215+00:00", "level": "INFO", "logger": "app", "message": "Logging configured - Level: INFO, Log directory: /Users/emmanuelevilafo/Documents/Documents - MacBook Pro de Evilafo/Business/juniorfrebonne/instance/logs", "module": "logging_config", "function": "setup_logging", "line": 149}
{"timestamp": "2026-09-19T00:06:32.607268+00:00", "level": "INFO", "logger": "app", "message": "Error handlers registered", "module": "error_handlers", "function": "register_error_handlers", "line": 162}
{"timestamp": "2026-09-19T00:06:32.876042+00:00", "level": "INFO", "logger": "app", "message": "Logging configured - Level: INFO, Log directory: /Users/emmanuelevilafo/Documents/Documents - MacBook Pro de Evilafo/Business/juniorfrebonne/instance/logs", "module": "logging_config", "function": "setup_logging", "line": 149}
{"timestamp": "2026-09-19T00:06:32.876095+00:00", "level": "INFO", "logger": "app", "message": "Error handlers registered", "module": "error_handlers", "function": "register_error_handlers", "line": 162}
{"timestamp": "2026-09-19T00:06:32.969861+00:00", "level": "INFO", "logger": "app", "message": "Logging configured - Level: INFO, Log directory: /Users/emmanuelevilafo/Documents/Documents - MacBook Pro de Evilafo/Business/juniorfrebonne/instance/logs", "module": "logging_config", "function": "setup_logging", "line": 149}
{"timestamp": "2026-09-19T00:06:32.969906+00:00", "level": "INFO", "logger": "app", "message": "Error handlers registered", "module": "error_handlers", "function": "register_error_handlers", "line": 162}
{"timestamp": "2026-09-19T00:06:33.065333+00:00", "level": "INFO", "logger": "app", "message": "Logging configured - Level: INFO, Log directory: /Users/emmanuelevilafo/Documents/Documents - MacBook Pro de Evilafo/Business/juniorfrebonne/instance/logs", "module": "logging_config", "function": "setup_logging", "line": 149}
{"timestamp": "2026-09-19T00:06:33.065387+00:00", "level": "INFO", "logger": "app", "message": "Error handlers registered", "module": "error_handlers", "function": "register_error_handlers", "line": 162}
{"timestamp": "2026-09-19T00:06:33.161176+00:00", "level": "INFO", "logger": "app", "message": "Logging configured - Level: INFO, Log directory: /Users/emmanuelevilafo/Documents/Documents - MacBook Pro de Evilafo/Business/juniorfrebonne/instance/logs", "module": "logging_config", "function": "setup_logging", "line": 149}
{"timestamp": "2026-09-19T00:06:33.161228+00:00", "level": "INFO", "logger": "app", "message": "Error handlers registered", "module": "error_handlers", "function": "register_error_handlers", "line": 162}
{"timestamp": "2026-09-19T00:06:33.170929+00:00", "level": "INFO", "logger": "app", "message": "Logging configured - Level: INFO, Log directory: /Users/emmanuelevilafo/Documents/Documents - MacBook Pro de Evilafo/Business/juniorfrebonne/instance/logs", "module": "logging_config", "function": "setup_logging", "line": 149}
{"timestamp": "2026-09-19T00:06:33.170977+00:00", "level": "INFO", "logger": "app", "message": "Error handlers registered", "module": "error_handlers", "function": "register_error_handlers", "line": 162}
{"timestamp": "2026-09-19T00:06:33.266947+00:00", "level": "INFO", "logger": "app", "message": "Logging configured - Level: INFO, Log directory: /Users/emmanuelevilafo/Documents/Documents - MacBook Pro de Evilafo/Business/juniorfrebonne/instance/logs", "module": "logging_config", "function": "setup_logging", "line": 149}
{"timestamp": "2026-09-19T00:06:33.267219+00:00", "level": "INFO", "logger": "app", "message": "Error handlers registered", "module": "error_handlers", "function": "register_error_handlers", "line": 162}
{"timestamp": "2026-09-19T00:06:33.454345+00:00", "level": "INFO", "logger": "app", "message": "Logging configured - Level: INFO, Log directory: /Users/emmanuelevilafo/Documents/Documents - MacBook Pro de Evilafo/Business/juniorfrebonne/instance/logs", "module": "logging_config", "function": "setup_logging", "line": 149}
{"timestamp": "2026-09-19T00:06:33.454387+00:00", "level": "INFO", "logger": "app", "message": "Error handlers registered", "module": "error_handlers", "function": "register_error_handlers", "line": 162}
{"timestamp": "2026-09-19T00:06:33.650493+00:00", "level": "INFO", "logger": "app", "message": "Logging configured - Level: INFO, Log directory: /Users/emmanuelevilafo/Documents/Documents - MacBook Pro de Evilafo/Business/juniorfrebonne/instance/logs", "module": "logging_config", "function": "setup_logging", "line": 149}
{"timestamp": "2026-09-19T00:06:33.650546+00:00", "level": "INFO", "logger": "app", "message": "Error handlers registered", "module": "error_handlers", "function": "register_error_handlers", "line": 162}
{"timestamp": "2026-09-19T00:06:33.834777+00:00", "level": "INFO", "logger": "app", "message": "Logging configured - Level: INFO, Log directory: /Users/emmanuelevilafo/Documents/Documents - MacBook Pro de Evilafo/Business/juniorfrebonne/instance/logs", "module": "logging_config", "function": "setup_logging", "line": 149}
{"timestamp": "2026-09-19T00:06:33.834830+00:00", "level": "INFO", "logger": "app", "message": "Error handlers registered", "module": "error_handlers", "function": "register_error_handlers", "line": 162}
{"timestamp": "2026-09-19T00:06:34.022521+00:00", "level": "INFO", "logger": "app", "message": "Logging configured - Level: INFO, Log directory: /Users/emmanuelevilafo/Documents/Documents - MacBook Pro de Evilafo/Business/juniorfrebonne/instance/logs", "module": "logging_config", "function": "setup_logging", "line": 149}
{"timestamp": "2026-09-19T00:06:34.022563+00:00", "level": "INFO", "logger": "app", "message": "Error handlers registered", "module": "error_handlers", "function": "register_error_handlers", "line": 162}
{"timestamp": "2026-09-19T00:06:34.032133+00:00", "level": "INFO", "logger": "app", "message": "Logging configured - Level: INFO, Log directory: /Users/emmanuelevilafo/Documents/Documents - MacBook Pro de Evilafo/Business/juniorfrebonne/instance/logs", "module": "logging_config", "function": "setup_logging", "line": 149}
{"timestamp": "2026-09-19T00:06:34.032184+00:00", "level": "INFO", "logger": "app", "message": "Error handlers registered", "module": "error_handlers", "function": "register_error_handlers", "line": 162}
{"timestamp": "2026-09-19T00:06:34.131088+00:00", "level": "INFO", "logger": "app", "message": "Logging configured - Level: INFO, Log directory: /Users/emmanuelevilafo/Documents/Documents - MacBook Pro de Evilafo/Business/juniorfrebonne/instance/logs", "module": "logging_config", "function": "setup_logging", "line": 149}
{"timestamp": "2026-09-19T00:06:34.131144+00:00", "level": "INFO", "logger": "app", "message": "Error handlers registered", "module": "error_handlers", "function": "register_error_handlers", "line": 162}
{"timestamp": "2026-09-19T00:06:34.230591+00:00", "level": "INFO", "logger": "app", "message": "Logging configured - Level: INFO, Log directory: /Users/emmanuelevilafo/Documents/Documents - MacBook Pro de Evilafo/Business/juniorfrebonne/instance/logs", "module": "logging_config", "function": "setup_logging", "line": 149}
{"timestamp": "2026-09-19T00:06:34.230643+00:00", "level": "INFO", "logger": "app", "message": "Error handlers registered", "module": "error_handlers", "function": "register_error_handlers", "line": 162}
{"timestamp": "2026-09-19T00:06:34.327328+00:00", "level": "INFO", "logger": "app", "message": "Logging configured - Level: INFO, Log directory: /Users/emmanuelevilafo/Documents/Documents - MacBook Pro de Evilafo/Business/juniorfrebonne/instance/logs", "module": "logging_config", "function": "setup_logging", "line": 149}
{"timestamp": "2026-09-19T00:06:34.327370+00:00", "level": "INFO", "logger": "app", "message": "Error handlers registered", "module": "error_handlers", "function": "register_error_handlers", "line": 162}
{"timestamp": "2026-09-19T00:06:34.427148+00:00", "level": "INFO", "logger": "app", "message": "Logging configured - Level: INFO, Log directory: /Users/emmanuelevilafo/Documents/Documents - MacBook Pro de Evilafo/Business/juniorfrebonne/instance/logs", "module": "logging_config", "function": "setup_logging", "line": 149}
{"timestamp": "2026-09-19T00:06:34.427192+00:00", "level": "INFO", "logger": "app", "message": "Error handlers registered", "module": "error_handlers", "function": "register_error_handlers", "line": 162}
{"timestamp": "2026-09-19T00:06:34.528715+00:00", "level": "INFO", "logger": "app", "message": "Logging configured - Level: INFO, Log directory: /Users/emmanuelevilafo/Documents/Documents - MacBook Pro de Evilafo/Business/juniorfrebonne/instance/logs", "module": "logging_config", "function": "setup_logging", "line": 149}
{"timestamp": "2026-09-19T00:06:34.528760+00:00", "level": "INFO", "logger": "app", "message": "Error handlers registered", "module": "error_handlers", "function": "register_error_handlers", "line": 162}
{"timestamp": "2026-09-19T00:06:34.716426+00:00", "level": "INFO", "logger": "app", "message": "Logging configured - Level: INFO, Log directory: /Users/emmanuelevilafo/Documents/Documents - MacBook Pro de Evilafo/Business/juniorfrebonne/instance/logs", "module": "logging_config", "function": "setup_logging", "line": 149}
{"timestamp": "2026-09-19T00:06:34.716482+00:00", "level": "INFO", "logger": "app", "message": "Error handlers registered", "module": "error_handlers", "function": "register_error_handlers", "line": 162}
{"timestamp": "2026-09-19T00:06:34.900394+00:00", "level": "INFO", "logger": "app", "message": "Logging configured - Level: INFO, Log directory: /Users/emmanuelevilafo/Documents/Documents - MacBook Pro de Evilafo/Business/juniorfrebonne/instance/logs", "module": "logging_config", "function": "setup_logging", "line": 149}
{"timestamp": "2026-09-19T00:06:34.900447+00:00", "level": "INFO", "logger": "app", "message": "Error handlers registered", "module": "error_handlers", "function": "register_error_handlers", "line": 162}
{"timestamp": "2026-09-19T00:09:28.813806+00:00", "level": "INFO", "logger": "app", "message": "Logging configured - Level: INFO, Log directory: /Users/emmanuelevilafo/Documents/Documents - MacBook Pro de Evilafo/Business/juniorfrebonne/instance/logs", "module": "logging_config", "function": "setup_logging", "line": 149}
{"timestamp": "2026-09-19T00:09:28.814092+00:00", "level": "INFO", "logger": "app", "message": "Error handlers registered", "module": "error_handlers", "function": "register_error_handlers", "line": 162}
{"timestamp": "2026-09-19T00:09:28.828644+00:00", "level": "WARNING", "logger": "app", "message": "HTTP error: {'error_type': 'MethodNotAllowed', 'error_message': '405 Method Not Allowed: The method is not allowed for the requested URL.', 'path': '/cancel-appointment/1', 'method': 'GET', 'ip': '127.0.0.1', 'timestamp': '2026-09-19T00:09:28.828602+00:00'}", "module": "error_handlers", "function": "log_error", "line": 134}
{"timestamp": "2026-09-19T00:09:55.973925+00:00", "level": "INFO", "logger": "app", "message": "Logging configured - Level: INFO, Log directory: /Users/emmanuelevilafo/Documents/Documents - MacBook Pro de Evilafo/Business/juniorfrebonne/instance/logs", "module": "logging_config", "function": "setup_logging", "line": 149}
{"timestamp": "2026-09-19T00:09:55.974058+00:00", "level": "INFO", "logger": "app", "message": "Error handlers registered", "module": "error_handlers", "function": "register_error_handlers", "line": 162}
{"timestamp": "2026-09-19T00:09:55.985589+00:00", "level": "WARNING", "logger": "app", "message": "HTTP error: {'error_type': 'MethodNotAllowed', 'error_message': '405 Method Not Allowed: The method is not allowed for the requested URL.', 'path': '/cancel-appointment/1', 'method': 'GET', 'ip': '127.0.0.1', 'timestamp': '2026-09-19T00:09:55.985551+00:00'}", "module": "error_handlers", "function": "log_error", "line": 134}
{"timestamp": "2026-09-19T00:18:06.509144+00:00", "level": "INFO", "logger": "app", "message": "Logging configured - Level: INFO, Log directory: /Users/emmanuelevilafo/Documents/Documents - MacBook Pro de Evilafo/Business/juniorfrebonne/instance/logs", "module": "logging_config", "function": "setup_logging", "line": 149}
{"timestamp": "2026-09-19T00:18:06.509380+00:00", "level": "INFO", "logger": "app", "message": "Error handlers registered", "module": "error_handlers", "function": "register_error_handlers", "line": 162}
{"timestamp": "2026-09-19T00:18:06.569627+00:00", "level": "INFO", "logger": "app", "message": "Logging configured - Level: INFO, Log directory: /Users/emmanuelevilafo/Documents/Documents - MacBook Pro de Evilafo/Business/juniorfrebonne/instance/logs", "module": "logging_config", "function": "setup_logging", "line": 149}
{"timestamp": "2026-09-19T00:18:06.569703+00:00", "level": "INFO", "logger": "app", "message": "Error handlers registered", "module": "error_handlers", "function": "register_error_handlers", "line": 162}
{"timestamp": "2026-09-19T00:18:06.841331+00:00", "level": "INFO", "logger": "app", "message": "Logging configured - Level: INFO, Log directory: /Users/emmanuelevilafo/Documents/Documents - MacBook Pro de Evilafo/Business/juniorfrebonne/instance/logs", "module": "logging_config", "function": "setup_logging", "line": 149}
{"timestamp": "2026-09-19T00:18:06.841392+00:00", "level": "INFO", "logger": "app", "message": "Error handlers registered", "module": "error_handlers", "function": "register_error_handlers", "line": 162}
{"timestamp": "2026-09-19T00:18:07.038225+00:00", "level": "INFO", "logger": "app", "message": "Logging configured - Level: INFO, Log directory: /Users/emmanuelevilafo/Documents/Documents - MacBook Pro de Evilafo/Business/juniorfrebonne/instance/logs", "module": "logging_config", "function": "setup_logging", "line": 149}
{"timestamp": "2026-09-19T00:18:07.038276+00:00", "level": "INFO", "logger": "app", "message": "Error handlers registered", "module": "error_handlers", "function": "register_error_handlers", "line": 162}
{"timestamp": "2026-09-19T00:18:07.223818+00:00", "level": "INFO", "logger": "app", "message": "Logging configured - Level: INFO, Log directory: /Users/emmanuelevilafo/Documents/Documents - MacBook Pro de Evilafo/Business/juniorfrebonne/instance/logs", "module": "logging_config", "function": "setup_logging", "line": 149}
{"timestamp": "2026-09-19T00:18:07.223871+00:00", "level": "INFO", "logger": "app", "message": "Error handlers registered", "module": "error_handlers", "function": "register_error_handlers", "line": 162}
{"timestamp": "2026-09-19T00:18:07.230399+00:00", "level": "WARNING", "logger": "app", "message": "HTTP error: {'error_type': 'MethodNotAllowed', 'error_message': '405 Method Not Allowed: The method is not allowed for the requested URL.', 'path': '/cancel-appointment/1', 'method': 'GET', 'ip': '127.0.0.1', 'timestamp': '2026-09-19T00:18:07.230354+00:00'}", "module": "error_handlers", "function": "log_error", "line": 134}
{"timestamp": "2026-09-19T00:18:07.249010+00:00", "level": "WARNING", "logger": "security", "message": "{\"event_type\": \"failed_login\", \"timestamp\": \"2026-09-19T00:18:07.248978+00:00\", \"ip\": \"127.0.0.1\"}", "module": "", "function": null, "line": 0, "action": "failed_login"}
{"timestamp": "2026-09-19T00:18:07.249030+00:00", "level": "WARNING", "logger": "security", "message": "{\"event_type\": \"failed_login\", \"timestamp\": \"2026-09-19T00:18:07.248978+00:00\", \"ip\": \"127.0.0.1\"}", "module": "", "function": null, "line": 0, "action": "failed_login"}
{"timestamp": "2026-09-19T00:18:07.249042+00:00", "level": "WARNING", "logger": "security", "message": "{\"event_type\": \"failed_login\", \"timestamp\": \"2026-09-19T00:18:07.248978+00:00\", \"ip\": \"127.0.0.1\"}", "module": "", "function": null, "line": 0, "action": "failed_login"}
{"timestamp": "2026-09-19T00:18:07.249051+00:00", "level": "WARNING", "logger": "security", "message": "{\"event_type\": \"failed_login\", \"timestamp\": \"2026-09-19T00:18:07.248978+00:00\", \"ip\": \"127.0.0.1\"}", "module": "", "function": null, "line": 0, "action": "failed_login"}
{"timestamp": "2026-09-19T00:18:07.249059+00:00", "level": "WARNING", "logger": "security", "message": "{\"event_type\": \"failed_login\", \"timestamp\": \"2026-09-19T00:18:07.248978+00:00\", \"ip\": \"127.0.0.1\"}", "module": "", "function": null, "line": 0, "action": "failed_login"}
{"timestamp": "2026-09-19T00:18:07.249350+00:00", "level": "CRITICAL", "logger": "security", "message": "{\"event_type\": \"unauthorized_access\", \"timestamp\": \"2026-09-19T00:18:07.249333+00:00\", \"user_id\": 1}", "module": "", "function": null, "line": 0, "action": "unauthorized_access"}
{"timestamp": "2026-09-19T00:18:07.249359+00:00", "level": "CRITICAL", "logger": "security", "message": "{\"event_type\": \"unauthorized_access\", \"timestamp\": \"2026-09-19T00:18:07.249333+00:00\", \"user_id\": 1}", "module": "", "function": null, "line": 0, "action": "unauthorized_access"}
{"timestamp": "2026-09-19T00:18:07.249365+00:00", "level": "CRITICAL", "logger": "security", "message": "{\"event_type\": \"unauthorized_access\", \"timestamp\": \"2026-09-19T00:18:07.249333+00:00\", \"user_id\": 1}", "module": "", "function": null, "line": 0, "action": "unauthorized_access"}
{"timestamp": "2026-09-19T00:18:07.249375+00:00", "level": "CRITICAL", "logger": "security", "message": "{\"event_type\": \"unauthorized_access\", \"timestamp\": \"2026-09-19T00:18:07.249333+00:00\", \"user_id\": 1}", "module": "", "function": null, "line": 0, "action": "unauthorized_access"}
{"timestamp": "2026-09-19T00:18:07.249381+00:00", "level": "CRITICAL", "logger": "security", "message": "{\"event_type\": \"unauthorized_access\", \"timestamp\": \"2026-09-19T00:18:07.249333+00:00\", \"user_id\": 1}", "module": "", "function": null, "line": 0, "action": "unauthorized_access"}
{"timestamp": "2026-09-19T00:18:07.250012+00:00", "level": "INFO", "logger": "database", "message": "{\"operation\": \"insert\", \"table\": \"users\", \"timestamp\": \"2026-09-19T00:18:07.249983+00:00\", \"user_id\": 1}", "module": "", "function": null, "line": 0, "action": "insert", "resource": "users"}
{"timestamp": "2026-09-19T00:18:07.250028+00:00", "level": "INFO", "logger": "database", "message": "{\"operation\": \"insert\", \"table\": \"users\", \"timestamp\": \"2026-09-19T00:18:07.249983+00:00\", \"user_id\": 1}", "module": "", "function": null, "line": 0, "action": "insert", "resource": "users"}
{"timestamp": "2026-09-19T00:18:07.250037+00:00", "level": "INFO", "logger": "database", "message": "{\"operation\": \"insert\", \"table\": \"users\", \"timestamp\": \"2026-09-19T00:18:07.249983+00:00\", \"user_id\": 1}", "module": "", "function": null, "line": 0, "action": "insert", "resource": "users"}
{"timestamp": "2026-09-19T00:18:07.250045+00:00", "level": "INFO", "logger": "database", "message": "{\"operation\": \"insert\", \"table\": \"users\", \"timestamp\": \"2026-09-19T00:18:07.249983+00:00\", \"user_id\": 1}", "module": "", "function": null, "line": 0, "action": "insert", "resource": "users"}
{"timestamp": "2026-09-19T00:18:07.250052+00:00", "level": "INFO", "logger": "database", "message": "{\"operation\": \"insert\", \"table\": \"users\", \"timestamp\": \"2026-09-19T00:18:07.249983+00:00\", \"user_id\": 1}", "module": "", "function": null, "line": 0, "action": "insert", "resource": "users"}
{"timestamp": "2026-09-19T00:18:07.251272+00:00", "level": "INFO", "logger": "app", "message": "Logging configured - Level: INFO, Log directory: /Users/emmanuelevilafo/Documents/Documents - MacBook Pro de Evilafo/Business/juniorfrebonne/instance/logs", "module": "logging_config", "function": "setup_logging", "line": 149}
{"timestamp": "2026-09-19T00:18:07.251314+00:00", "level": "INFO", "logger": "app", "message": "Error handlers registered", "module": "error_handlers", "function": "register_error_handlers", "line": 162}
{"timestamp": "2026-09-19T00:18:07.516759+00:00", "level": "INFO", "logger": "app", "message": "Logging configured - Level: INFO, Log directory: /Users/emmanuelevilafo/Documents/Documents - MacBook Pro de Evilafo/Business/juniorfrebonne/instance/logs", "module": "logging_config", "function": "setup_logging", "line": 149}
{"timestamp": "2026-09-19T00:18:07.516803+00:00", "level": "INFO", "logger": "app", "message": "Error handlers registered", "module": "error_handlers", "function": "register_error_handlers", "line": 162}
{"timestamp": "2026-09-19T00:18:07.610424+00:00", "level": "INFO", "logger": "app", "message": "Logging configured - Level: INFO, Log directory: /Users/emmanuelevilafo/Documents/Documents - MacBook Pro de Evilafo/Business/juniorfrebonne/instance/logs", "module": "logging_config", "function": "setup_logging", "line": 149}
{"timestamp": "2026-09-19T00:18:07.610472+00:00", "level": "INFO", "logger": "app", "message": "Error handlers registered", "module": "error_handlers", "function": "register_error_handlers", "line": 162}
{"timestamp": "2026-09-19T00:18:07.704440+00:00", "level": "INFO", "logger": "app", "message": "Logging configured - Level: INFO, Log directory: /Users/emmanuelevilafo/Documents/Documents - MacBook Pro de Evilafo/Business/juniorfrebonne/instance/logs", "module": "logging_config", "function": "setup_logging", "line": 149}
{"timestamp": "2026-09-19T00:18:07.704512+00:00", "level": "INFO", "logger": "app", "message": "Error handlers registered", "module": "error_handlers", "function": "register_error_handlers", "line": 162}
{"timestamp": "2026-09-19T00:18:07.802485+00:00", "level": "INFO", "logger": "app", "message": "Logging configured - Level: INFO, Log directory: /Users/emmanuelevilafo/Documents/Documents - MacBook Pro de Evilafo/Business/juniorfrebonne/instance/logs", "module": "logging_config", "function": "setup_logging", "line": 149}
{"timestamp": "2026-09-19T00:18:07.802537+00:00", "level": "INFO", "logger": "app", "message": "Error handlers registered", "module": "error_handlers", "function": "register_error_handlers", "line": 162}
{"timestamp": "2026-09-19T00:18:07.811424+00:00", "level": "INFO", "logger": "app", "message": "Logging configured - Level: INFO, Log directory: /Users/emmanuelevilafo/Documents/Documents - MacBook Pro de Evilafo/Business/juniorfrebonne/instance/logs", "module": "logging_config", "function": "setup_logging", "line": 149}
{"timestamp": "2026-09-19T00:18:07.811470+00:00", "level": "INFO", "logger": "app", "message": "Error handlers registered", "module": "error_handlers", "function": "register_error_handlers", "line": 162}
{"timestamp": "2026-09-19T00:18:07.909335+00:00", "level": "INFO", "logger": "app", "message": "Logging configured - Level: INFO, Log directory: /Users/emmanuelevilafo/Documents/Documents - MacBook Pro de Evilafo/Business/juniorfrebonne/instance/logs", "module": "logging_config", "function": "setup_logging", "line": 149}
{"timestamp": "2026-09-19T00:18:07.909397+00:00", "level": "INFO", "logger": "app", "message": "Error handlers registered", "module": "error_handlers", "function": "register_error_handlers", "line": 162}
{"timestamp": "2026-09-19T00:18:08.084414+00:00", "level": "INFO", "logger": "app", "message": "Logging configured - Level: INFO, Log directory: /Users/emmanuelevilafo/Documents/Documents - MacBook Pro de Evilafo/Business/juniorfrebonne/instance/logs", "module": "logging_config", "function": "setup_logging", "line": 149}
{"timestamp": "2026-09-19T00:18:08.084458+00:00", "level": "INFO", "logger": "app", "message": "Error handlers registered", "module": "error_handlers", "function": "register_error_handlers", "line": 162}
{"timestamp": "2026-09-19T00:18:08.270042+00:00", "level": "INFO", "logger": "app", "message": "Logging configured - Level: INFO, Log directory: /Users/emmanuelevilafo/Documents/Documents - MacBook Pro de Evilafo/Business/juniorfrebonne/instance/logs", "module": "logging_config", "function": "setup_logging", "line": 149}
{"timestamp": "2026-09-19T00:18:08.270099+00:00", "level": "INFO", "logger": "app", "message": "Error handlers registered", "module": "error_handlers", "function": "register_error_handlers", "line": 162}
{"timestamp": "2026-09-19T00:18:08.452353+00:00", "level": "INFO", "logger": "app", "message": "Logging configured - Level: INFO, Log directory: /Users/emmanuelevilafo/Documents/Documents - MacBook Pro de Evilafo/Business/juniorfrebonne/instance/logs", "module": "logging_config", "function": "setup_logging", "line": 149}
{"timestamp": "2026-09-19T00:18:08.452403+00:00", "level": "INFO", "logger": "app", "message": "Error handlers registered", "module": "error_handlers", "function": "register_error_handlers", "line": 162}
{"timestamp": "2026-09-19T00:18:08.636559+00:00", "level": "INFO", "logger": "app", "message": "Logging configured - Level: INFO, Log directory: /Users/emmanuelevilafo/Documents/Documents - MacBook Pro de Evilafo/Business/juniorfrebonne/instance/logs", "module": "logging_config", "function": "setup_logging", "line": 149}
{"timestamp": "2026-09-19T00:18:08.636611+00:00", "level": "INFO", "logger": "app", "message": "Error handlers registered", "module": "error_handlers", "function": "register_error_handlers", "line": 162}
{"timestamp": "2026-09-19T00:18:08.646375+00:00", "level": "INFO", "logger": "app", "message": "Logging configured - Level: INFO, Log directory: /Users/emmanuelevilafo/Documents/Documents - MacBook Pro de Evilafo/Business/juniorfrebonne/instance/logs", "module": "logging_config", "function": "setup_logging", "line": 149}
{"timestamp": "2026-09-19T00:18:08.646468+00:00", "level": "INFO", "logger": "app", "message": "Error handlers registered", "module": "error_handlers", "function": "register_error_handlers", "line": 162}
{"timestamp": "2026-09-19T00:18:08.742463+00:00", "level": "INFO", "logger": "app", "message": "Logging configured - Level: INFO, Log directory: /Users/emmanuelevilafo/Documents/Documents - MacBook Pro de Evilafo/Business/juniorfrebonne/instance/logs", "module": "logging_config", "function": "setup_logging", "line": 149}
{"timestamp": "2026-09-19T00:18:08.742511+00:00", "level": "INFO", "logger": "app", "message": "Error handlers registered", "module": "error_handlers", "function": "register_error_handlers", "line": 162}
{"timestamp": "2026-09-19T00:18:08.840644+00:00", "level": "INFO", "logger": "app", "message": "Logging configured - Level: INFO, Log directory: /Users/emmanuelevilafo/Documents/Documents - MacBook Pro de Evilafo/Business/juniorfrebonne/instance/logs", "module": "logging_config", "function": "setup_logging", "line": 149}
{"timestamp": "2026-09-19T00:18:08.840684+00:00", "level": "INFO", "logger": "app", "message": "Error handlers registered", "module": "error_handlers", "function": "register_error_handlers", "line": 162}
{"timestamp": "2026-09-19T00:18:08.939416+00:00", "level": "INFO", "logger": "app", "message": "Logging configured - Level: INFO, Log directory: /Users/emmanuelevilafo/Documents/Documents - MacBook Pro de Evilafo/Business/juniorfrebonne/instance/logs", "module": "logging_config", "function": "setup_logging", "line": 149}
{"timestamp": "2026-09-19T00:18:08.939459+00:00", "level": "INFO", "logger": "app", "message": "Error handlers registered", "module": "error_handlers", "function": "register_error_handlers", "line": 162}
{"timestamp": "2026-09-19T00:18:09.038437+00:00", "level": "INFO", "logger": "app", "message": "Logging configured - Level: INFO, Log directory: /Users/emmanuelevilafo/Documents/Documents - MacBook Pro de Evilafo/Business/juniorfrebonne/instance/logs", "module": "logging_config", "function": "setup_logging", "line": 149}
{"timestamp": "2026-09-19T00:18:09.038485+00:00", "level": "INFO", "logger": "app", "message": "Error handlers registered", "module": "error_handlers", "function": "register_error_handlers", "line": 162}
{"timestamp": "2026-09-19T00:18:09.136918+00:00", "level": "INFO", "logger": "app", "message": "Logging configured - Level: INFO, Log directory: /Users/emmanuelevilafo/Documents/Documents - MacBook Pro de Evilafo/Business/juniorfrebonne/instance/logs", "module": "logging_config", "function": "setup_logging", "line": 149}
{"timestamp": "2026-09-19T00:18:09.136970+00:00", "level": "INFO", "logger": "app", "message": "Error handlers registered", "module": "error_handlers", "function": "register_error_handlers", "line": 162}
{"timestamp": "2026-09-19T00:18:09.322147+00:00", "level": "INFO", "logger": "app", "message": "Logging configured - Level: INFO, Log directory: /Users/emmanuelevilafo/Documents/Documents - MacBook Pro de Evilafo/Business/juniorfrebonne/instance/logs", "module": "logging_config", "function": "setup_logging", "line": 149}
{"timestamp": "2026-09-19T00:18:09.322197+00:00", "level": "INFO", "logger": "app", "message": "Error handlers registered", "module": "error_handlers", "function": "register_error_handlers", "line": 162}
{"timestamp": "2026-09-19T00:18:09.508248+00:00", "level": "INFO", "logger": "app", "message": "Logging configured - Level: INFO, Log directory: /Users/emmanuelevilafo/Documents/Documents - MacBook Pro de Evilafo/Business/juniorfrebonne/instance/logs", "module": "logging_config", "function": "setup_logging", "line": 149}
{"timestamp": "2026-09-19T00:18:09.508289+00:00", "level": "INFO", "logger": "app", "message": "Error handlers registered", "module": "error_handlers", "function": "register_error_handlers", "line": 162}
{"timestamp": "2026-09-19T00:28:28.906927+00:00", "level": "INFO", "logger": "app", "message": "Logging configured - Level: INFO, Log directory: /Users/emmanuelevilafo/Documents/Documents - MacBook Pro de Evilafo/Business/juniorfrebonne/instance/logs", "module": "logging_config", "function": "setup_logging", "line": 149}
{"timestamp": "2026-09-19T00:28:28.907153+00:00", "level": "INFO", "logger": "app", "message": "Error handlers registered", "module": "error_handlers", "function": "register_error_handlers", "line": 162}
{"timestamp": "2026-09-19T00:28:28.969766+00:00", "level": "INFO", "logger": "app", "message": "Logging configured - Level: INFO, Log directory: /Users/emmanuelevilafo/Documents/Documents - MacBook Pro de Evilafo/Business/juniorfrebonne/instance/logs", "module": "logging_config", "function": "setup_logging", "line": 149}
{"timestamp": "2026-09-19T00:28:28.969820+00:00", "level": "INFO", "logger": "app", "message": "Error handlers registered", "module": "error_handlers", "function": "register_error_handlers", "line": 162}
{"timestamp": "2026-09-19T00:28:29.173169+00:00", "level": "INFO", "logger": "app", "message": "Logging configured - Level: INFO, Log directory: /Users/emmanuelevilafo/Documents/Documents - MacBook Pro de Evilafo/Business/juniorfrebonne/instance/logs", "module": "logging_config", "function": "setup_logging", "line": 149}
{"timestamp": "2026-09-19T00:28:29.173220+00:00", "level": "INFO", "logger": "app", "message": "Error handlers registered", "module": "error_handlers", "function": "register_error_handlers", "line": 162}
{"timestamp": "2026-09-19T00:28:29.364600+00:00", "level": "INFO", "logger": "app", "message": "Logging configured - Level: INFO, Log directory: /Users/emmanuelevilafo/Documents/Documents - MacBook Pro de Evilafo/Business/juniorfrebonne/instance/logs", "module": "logging_config", "function": "setup_logging", "line": 149}
{"timestamp": "2026-09-19T00:28:29.364652+00:00", "level": "INFO", "logger": "app", "message": "Error handlers registered", "module": "error_handlers", "function": "register_error_handlers", "line": 162}
{"timestamp": "2026-09-19T00:28:29.549390+00:00", "level": "INFO", "logger": "app", "message": "Logging configured - Level: INFO, Log directory: /Users/emmanuelevilafo/Documents/Documents - MacBook Pro de Evilafo/Business/juniorfrebonne/instance/logs", "module": "logging_config", "function": "setup_logging", "line": 149}
{"timestamp": "2026-09-19T00:28:29.549433+00:00", "level": "INFO", "logger": "app", "message": "Error handlers registered", "module": "error_handlers", "function": "register_error_handlers", "line": 162}
{"timestamp": "2026-09-19T00:28:29.555942+00:00", "level": "WARNING", "logger": "app", "message": "HTTP error: {'error_type': 'MethodNotAllowed', 'error_message': '405 Method Not Allowed: The method is not allowed for the requested URL.', 'path': '/cancel-appointment/1', 'method': 'GET', 'ip': '127.0.0.1', 'timestamp': '2026-09-19T00:28:29.555908+00:00'}", "module": "error_handlers", "function": "log_error", "line": 134}
{"timestamp": "2026-09-19T00:28:29.576343+00:00", "level": "WARNING", "logger": "security", "message": "{\"event_type\": \"failed_login\", \"timestamp\": \"2026-09-19T00:28:29.576324+00:00\", \"ip\": \"127.0.0.1\"}", "module": "", "function": null, "line": 0, "action": "failed_login"}
{"timestamp": "2026-09-19T00:28:29.576360+00:00", "level": "WARNING", "logger": "security", "message": "{\"event_type\": \"failed_login\", \"timestamp\": \"2026-09-19T00:28:29.576324+00:00\", \"ip\": \"127.0.0.1\"}", "module": "", "function": null, "line": 0, "action": "failed_login"}
{"timestamp": "2026-09-19T00:28:29.576391+00:00", "level": "WARNING", "logger": "security", "message": "{\"event_type\": \"failed_login\", \"timestamp\": \"2026-09-19T00:28:29.576324+00:00\", \"ip\": \"127.0.0.1\"}", "module": "", "function": null, "line": 0, "action": "failed_login"}
{"timestamp": "2026-09-19T00:28:29.576407+00:00", "level": "WARNING", "logger": "security", "message": "{\"event_type\": \"failed_login\", \"timestamp\": \"2026-09-19T00:28:29.576324+00:00\", \"ip\": \"127.0.0.1\"}", "module": "", "function": null, "line": 0, "action": "failed_login"}
{"timestamp": "2026-09-19T00:28:29.576945+00:00", "level": "WARNING", "logger": "security", "message": "{\"event_type\": \"failed_login\", \"timestamp\": \"2026-09-19T00:28:29.576324+00:00\", \"ip\": \"127.0.0.1\"}", "module": "", "function": null, "line": 0, "action": "failed_login"}
{"timestamp": "2026-09-19T00:28:29.577373+00:00", "level": "CRITICAL", "logger": "security", "message": "{\"event_type\": \"unauthorized_access\", \"timestamp\": \"2026-09-19T00:28:29.577343+00:00\", \"user_id\": 1}", "module": "", "function": null, "line": 0, "action": "unauthorized_access"}
{"timestamp": "2026-09-19T00:28:29.577389+00:00", "level": "CRITICAL", "logger": "security", "message": "{\"event_type\": \"unauthorized_access\", \"timestamp\": \"2026-09-19T00:28:29.577343+00:00\", \"user_id\": 1}", "module": "", "function": null, "line": 0, "action": "unauthorized_access"}
{"timestamp": "2026-09-19T00:28:29.577400+00:00", "level": "CRITICAL", "logger": "security", "message": "{\"event_type\": \"unauthorized_access\", \"timestamp\": \"2026-09-19T00:28:29.577343+00:00\", \"user_id\": 1}", "module": "", "function": null, "line": 0, "action": "unauthorized_access"}
{"timestamp": "2026-09-19T00:28:29.577409+00:00", "level": "CRITICAL", "logger": "security", "message": "{\"event_type\": \"unauthorized_access\", \"timestamp\": \"2026-09-19T00:28:29.577343+00:00\", \"user_id\": 1}", "module": "", "function": null, "line": 0, "action": "unauthorized_access"}
{"timestamp": "2026-09-19T00:28:29.577416+00:00", "level": "CRITICAL", "logger": "security", "message": "{\"event_type\": \"unauthorized_access\", \"timestamp\": \"2026-09-19T00:28:29.577343+00:00\", \"user_id\": 1}", "module": "", "function": null, "line": 0, "action": "unauthorized_access"}
{"timestamp": "2026-09-19T00:28:29.577736+00:00", "level": "INFO", "logger": "database", "message": "{\"operation\": \"insert\", \"table\": \"users\", \"timestamp\": \"2026-09-19T00:28:29.577723+00:00\", \"user_id\": 1}", "module": "", "function": null, "line": 0, "action": "insert", "resource": "users"}
{"timestamp": "2026-09-19T00:28:29.577747+00:00", "level": "INFO", "logger": "database", "message": "{\"operation\": \"insert\", \"table\": \"users\", \"timestamp\": \"2026-09-19T00:28:29.577723+00:00\", \"user_id\": 1}", "module": "", "function": null, "line": 0, "action": "insert", "resource": "users"}
{"timestamp": "2026-09-19T00:28:29.577755+00:00", "level": "INFO", "logger": "database", "message": "{\"operation\": \"insert\", \"table\": \"users\", \"timestamp\": \"2026-09-19T00:28:29.577723+00:00\", \"user_id\": 1}", "module": "", "function": null, "line": 0, "action": "insert", "resource": "users"}
{"timestamp": "2026-09-19T00:28:29.577763+00:00", "level": "INFO", "logger": "database", "message": "{\"operation\": \"insert\", \"table\": \"users\", \"timestamp\": \"2026-09-19T00:28:29.577723+00:00\", \"user_id\": 1}", "module": "", "function": null, "line": 0, "action": "insert", "resource": "users"}
{"timestamp": "2026-09-19T00:28:29.577771+00:00", "level": "INFO", "logger": "database", "message": "{\"operation\": \"insert\", \"table\": \"users\", \"timestamp\": \"2026-09-19T00:28:29.577723+00:00\", \"user_id\": 1}", "module": "", "function": null, "line": 0, "action": "insert", "resource": "users"}
{"timestamp": "2026-09-19T00:28:29.578920+00:00", "level": "INFO", "logger": "app", "message": "Logging configured - Level: INFO, Log directory: /Users/emmanuelevilafo/Documents/Documents - MacBook Pro de Evilafo/Business/juniorfrebonne/instance/logs", "module": "logging_config", "function": "setup_logging", "line": 149}
{"timestamp": "2026-09-19T00:28:29.578956+00:00", "level": "INFO", "logger": "app", "message": "Error handlers registered", "module": "error_handlers", "function": "register_error_handlers", "line": 162}
{"timestamp": "2026-09-19T00:28:29.844395+00:00", "level": "INFO", "logger": "app", "message": "Logging configured - Level: INFO, Log directory: /Users/emmanuelevilafo/Documents/Documents - MacBook Pro de Evilafo/Business/juniorfrebonne/instance/logs", "module": "logging_config", "function": "setup_logging", "line": 149}
{"timestamp": "2026-09-19T00:28:29.844459+00:00", "level": "INFO", "logger": "app", "message": "Error handlers registered", "module": "error_handlers", "function": "register_error_handlers", "line": 162}
{"timestamp": "2026-09-19T00:28:29.938668+00:00", "level": "INFO", "logger": "app", "message": "Logging configured - Level: INFO, Log directory: /Users/emmanuelevilafo/Documents/Documents - MacBook Pro de Evilafo/Business/juniorfrebonne/instance/logs", "module": "logging_config", "function": "setup_logging", "line": 149}
{"timestamp": "2026-09-19T00:28:29.938753+00:00", "level": "INFO", "logger": "app", "message": "Error handlers registered", "module": "error_handlers", "function": "register_error_handlers", "line": 162}
{"timestamp": "2026-09-19T00:28:30.034850+00:00", "level": "INFO", "logger": "app", "message": "Logging configured - Level: INFO, Log directory: /Users/emmanuelevilafo/Documents/Documents - MacBook Pro de Evilafo/Business/juniorfrebonne/instance/logs", "module": "logging_config", "function": "setup_logging", "line": 149}
{"timestamp": "2026-09-19T00:28:30.034906+00:00", "level": "INFO", "logger": "app", "message": "Error handlers registered", "module": "error_handlers", "function": "register_error_handlers", "line": 162}
{"timestamp": "2026-09-19T00:28:30.132848+00:00", "level": "INFO", "logger": "app", "message": "Logging configured - Level: INFO, Log directory: /Users/emmanuelevilafo/Documents/Documents - MacBook Pro de Evilafo/Business/juniorfrebonne/instance/logs", "module": "logging_config", "function": "setup_logging", "line": 149}
{"timestamp": "2026-09-19T00:28:30.132896+00:00", "level": "INFO", "logger": "app", "message": "Error handlers registered", "module": "error_handlers", "function": "register_error_handlers", "line": 162}
{"timestamp": "2026-09-19T00:28:30.142259+00:00", "level": "INFO", "logger": "app", "message": "Logging configured - Level: INFO, Log directory: /Users/emmanuelevilafo/Documents/Documents - MacBook Pro de Evilafo/Business/juniorfrebonne/instance/logs", "module": "logging_config", "function": "setup_logging", "line": 149}
{"timestamp": "2026-09-19T00:28:30.142305+00:00", "level": "INFO", "logger": "app", "message": "Error handlers registered", "module": "error_handlers", "function": "register_error_handlers", "line": 162}
{"timestamp": "2026-09-19T00:28:30.239439+00:00", "level": "INFO", "logger": "app", "message": "Logging configured - Level: INFO, Log directory: /Users/emmanuelevilafo/Documents/Documents - MacBook Pro de Evilafo/Business/juniorfrebonne/instance/logs", "module": "logging_config", "function": "setup_logging", "line": 149}
{"timestamp": "2026-09-19T00:28:30.239502+00:00", "level": "INFO", "logger": "app", "message": "Error handlers registered", "module": "error_handlers", "function": "register_error_handlers", "line": 162}
{"timestamp": "2026-09-19T00:28:30.415204+00:00", "level": "INFO", "logger": "app", "message": "Logging configured - Level: INFO, Log directory: /Users/emmanuelevilafo/Documents/Documents - MacBook Pro de Evilafo/Business/juniorfrebonne/instance/logs", "module": "logging_config", "function": "setup_logging", "line": 149}
{"timestamp": "2026-09-19T00:28:30.415257+00:00", "level": "INFO", "logger": "app", "message": "Error handlers registered", "module": "error_handlers", "function": "register_error_handlers", "line": 162}
{"timestamp": "2026-09-19T00:28:30.600592+00:00", "level": "INFO", "logger": "app", "message": "Logging configured - Level: INFO, Log directory: /Users/emmanuelevilafo/Documents/Documents - MacBook Pro de Evilafo/Business/juniorfrebonne/instance/logs", "module": "logging_config", "function": "setup_logging", "line": 149}
{"timestamp": "2026-09-19T00:28:30.600643+00:00", "level": "INFO", "logger": "app", "message": "Error handlers registered", "module": "error_handlers", "function": "register_error_handlers", "line": 162}
{"timestamp": "2026-09-19T00:28:30.788767+00:00", "level": "INFO", "logger": "app", "message": "Logging configured - Level: INFO, Log directory: /Users/emmanuelevilafo/Documents/Documents - MacBook Pro de Evilafo/Business/juniorfrebonne/instance/logs", "module": "logging_config", "function": "setup_logging", "line": 149}
{"timestamp": "2026-09-19T00:28:30.788820+00:00", "level": "INFO", "logger": "app", "message": "Error handlers registered", "module": "error_handlers", "function": "register_error_handlers", "line": 162}
{"timestamp": "2026-09-19T00:28:30.991722+00:00", "level": "INFO", "logger": "app", "message": "Logging configured - Level: INFO, Log directory: /Users/emmanuelevilafo/Documents/Documents - MacBook Pro de Evilafo/Business/juniorfrebonne/instance/logs", "module": "logging_config", "function": "setup_logging", "line": 149}
{"timestamp": "2026-09-19T00:28:30.991775+00:00", "level": "INFO", "logger": "app", "message": "Error handlers registered", "module": "error_handlers", "function": "register_error_handlers", "line": 162}
{"timestamp": "2026-09-19T00:28:31.000501+00:00", "level": "INFO", "logger": "app", "message": "Logging configured - Level: INFO, Log directory: /Users/emmanuelevilafo/Documents/Documents - MacBook Pro de Evilafo/Business/juniorfrebonne/instance/logs", "module": "logging_config", "function": "setup_logging", "line": 149}
{"timestamp": "2026-09-19T00:28:31.000550+00:00", "level": "INFO", "logger": "app", "message": "Error handlers registered", "module": "error_handlers", "function": "register_error_handlers", "line": 162}
{"timestamp": "2026-09-19T00:28:31.097707+00:00", "level": "INFO", "logger": "app", "message": "Logging configured - Level: INFO, Log directory: /Users/emmanuelevilafo/Documents/Documents - MacBook Pro de Evilafo/Business/juniorfrebonne/instance/logs", "module": "logging_config", "function": "setup_logging", "line": 149}
{"timestamp": "2026-09-19T00:28:31.097762+00:00", "level": "INFO", "logger": "app", "message": "Error handlers registered", "module": "error_handlers", "function": "register_error_handlers", "line": 162}
{"timestamp": "2026-09-19T00:28:31.194001+00:00", "level": "INFO", "logger": "app", "message": "Logging configured - Level: INFO, Log directory: /Users/emmanuelevilafo/Documents/Documents - MacBook Pro de Evilafo/Business/juniorfrebonne/instance/logs", "module": "logging_config", "function": "setup_logging", "line": 149}
{"timestamp": "2026-09-19T00:28:31.194069+00:00", "level": "INFO", "logger": "app", "message": "Error handlers registered", "module": "error_handlers", "function": "register_error_handlers", "line": 162}
{"timestamp": "2026-09-19T00:28:31.289514+00:00", "level": "INFO", "logger": "app", "message": "Logging configured - Level: INFO, Log directory: /Users/emmanuelevilafo/Documents/Documents - MacBook Pro de Evilafo/Business/juniorfrebonne/instance/logs", "module": "logging_config", "function": "setup_logging", "line": 149}
{"timestamp": "2026-09-19T00:28:31.289560+00:00", "level": "INFO", "logger": "app", "message": "Error handlers registered", "module": "error_handlers", "function": "register_error_handlers", "line": 162}
{"timestamp": "2026-09-19T00:28:31.384129+00:00", "level": "INFO", "logger": "app", "message": "Logging configured - Level: INFO, Log directory: /Users/emmanuelevilafo/Documents/Documents - MacBook Pro de Evilafo/Business/juniorfrebonne/instance/logs", "module": "logging_config", "function": "setup_logging", "line": 149}
{"timestamp": "2026-09-19T00:28:31.384181+00:00", "level": "INFO", "logger": "app", "message": "Error handlers registered", "module": "error_handlers", "function": "register_error_handlers", "line": 162}
{"timestamp": "2026-09-19T00:28:31.481216+00:00", "level": "INFO", "logger": "app", "message": "Logging configured - Level: INFO, Log directory: /Users/emmanuelevilafo/Documents/Documents - MacBook Pro de Evilafo/Business/juniorfrebonne/instance/logs", "module": "logging_config", "function": "setup_logging", "line": 149}
{"timestamp": "2026-09-19T00:28:31.481268+00:00", "level": "INFO", "logger": "app", "message": "Error handlers registered", "module": "error_handlers", "function": "register_error_handlers", "line": 162}
{"timestamp": "2026-09-19T00:28:31.664312+00:00", "level": "INFO", "logger": "app", "message": "Logging configured - Level: INFO, Log directory: /Users/emmanuelevilafo/Documents/Documents - MacBook Pro de Evilafo/Business/juniorfrebonne/instance/logs", "module": "logging_config", "function": "setup_logging", "line": 149}
{"timestamp": "2026-09-19T00:28:31.664367+00:00", "level": "INFO", "logger": "app", "message": "Error handlers registered", "module": "error_handlers", "function": "register_error_handlers", "line": 162}
{"timestamp": "2026-09-19T00:28:31.848570+00:00", "level": "INFO", "logger": "app", "message": "Logging configured - Level: INFO, Log directory: /Users/emmanuelevilafo/Documents/Documents - MacBook Pro de Evilafo/Business/juniorfrebonne/instance/logs", "module": "logging_config", "function": "setup_logging", "line": 149}
{"timestamp": "2026-09-19T00:28:31.848621+00:00", "level": "INFO", "logger": "app", "message": "Error handlers registered", "module": "error_handlers", "function": "register_error_handlers", "line": 162}
{"timestamp": "2026-09-19T00:28:42.743251+00:00", "level": "INFO", "logger": "app", "message": "Logging configured - Level: INFO, Log directory: /Users/emmanuelevilafo/Documents/Documents - MacBook Pro de Evilafo/Business/juniorfrebonne/instance/logs", "module": "logging_config", "function": "setup_logging", "line": 149}
{"timestamp": "2026-09-19T00:28:42.743560+00:00", "level": "INFO", "logger": "app", "message": "Error handlers registered", "module": "error_handlers", "function": "register_error_handlers", "line": 162}
{"timestamp": "2026-09-19T00:29:16.907707+00:00", "level": "INFO", "logger": "app", "message": "Logging configured - Level: INFO, Log directory: /Users/emmanuelevilafo/Documents/Documents - MacBook Pro de Evilafo/Business/juniorfrebonne/instance/logs", "module": "logging_config", "function": "setup_logging", "line": 149}
{"timestamp": "2026-09-19T00:29:16.907901+00:00", "level": "INFO", "logger": "app", "message": "Error handlers registered", "module": "error_handlers", "function": "register_error_handlers", "line": 162}
{"timestamp": "2026-09-19T00:29:25.219328+00:00", "level": "INFO", "logger": "app", "message": "Logging configured - Level: INFO, Log directory: /Users/emmanuelevilafo/Documents/Documents - MacBook Pro de Evilafo/Business/juniorfrebonne/instance/logs", "module": "logging_config", "function": "setup_logging", "line": 149}
{"timestamp": "2026-09-19T00:29:25.219489+00:00", "level": "INFO", "logger": "app", "message": "Error handlers registered", "module": "error_handlers", "function": "register_error_handlers", "line": 162}
{"timestamp": "2026-09-19T00:29:33.329160+00:00", "level": "WARNING", "logger": "app", "message": "HTTP error: {'error_type': 'NotFound', 'error_message': '404 Not Found: The requested URL was not found on the server. If you entered the URL manually please check your spelling and try again.', 'path': '/favicon.ico', 'method': 'GET', 'ip': '127.0.0.1', 'timestamp': '2026-09-19T00:29:33.329031+00:00'}", "module": "error_handlers", "function": "log_error", "line": 134}
{"timestamp": "2026-09-19T00:35:55.202002+00:00", "level": "WARNING", "logger": "app", "message": "HTTP error: {'error_type': 'NotFound', 'error_message': '404 Not Found: The requested URL was not found on the server. If you entered the URL manually please check your spelling and try again.', 'path': '/favicon.ico', 'method': 'GET', 'ip': '192.168.1.69', 'timestamp': '2026-09-19T00:35:55.201456+00:00'}", "module": "error_handlers", "function": "log_error", "line": 134}
{"timestamp": "2026-09-19T00:53:43.324384+00:00", "level": "INFO", "logger": "app", "message": "Logging configured - Level: INFO, Log directory: /app/instance/logs", "module": "logging_config", "function": "setup_logging", "line": 149}
{"timestamp": "2026-09-19T00:53:43.324508+00:00", "level": "INFO", "logger": "app", "message": "Error handlers registered", "module": "error_handlers", "function": "register_error_handlers", "line": 162}
{"timestamp": "2026-09-19T00:53:44.058678+00:00", "level": "INFO", "logger": "app", "message": "Logging configured - Level: INFO, Log directory: /app/instance/logs", "module": "logging_config", "function": "setup_logging", "line": 149}
{"timestamp": "2026-09-19T00:53:44.060639+00:00", "level": "INFO", "logger": "app", "message": "Error handlers registered", "module": "error_handlers", "function": "register_error_handlers", "line": 162}
{"timestamp": "2026-09-19T00:53:44.915972+00:00", "level": "INFO", "logger": "app", "message": "Logging configured - Level: INFO, Log directory: /app/instance/logs", "module": "logging_config", "function": "setup_logging", "line": 149}
{"timestamp": "2026-09-19T00:53:44.916227+00:00", "level": "INFO", "logger": "app", "message": "Error handlers registered", "module": "error_handlers", "function": "register_error_handlers", "line": 162}
{"timestamp": "2026-09-19T00:53:45.972590+00:00", "level": "INFO", "logger": "app", "message": "Logging configured - Level: INFO, Log directory: /app/instance/logs", "module": "logging_config", "function": "setup_logging", "line": 149}
{"timestamp": "2026-09-19T00:53:45.972815+00:00", "level": "INFO", "logger": "app", "message": "Error handlers registered", "module": "error_handlers", "function": "register_error_handlers", "line": 162}
{"timestamp": "2026-09-19T00:53:47.376468+00:00", "level": "INFO", "logger": "app", "message": "Logging configured - Level: INFO, Log directory: /app/instance/logs", "module": "logging_config", "function": "setup_logging", "line": 149}
{"timestamp": "2026-09-19T00:53:47.376695+00:00", "level": "INFO", "logger": "app", "message": "Error handlers registered", "module": "error_handlers", "function": "register_error_handlers", "line": 162}
{"timestamp": "2026-09-19T00:53:49.572615+00:00", "level": "INFO", "logger": "app", "message": "Logging configured - Level: INFO, Log directory: /app/instance/logs", "module": "logging_config", "function": "setup_logging", "line": 149}
{"timestamp": "2026-09-19T00:53:49.572873+00:00", "level": "INFO", "logger": "app", "message": "Error handlers registered", "module": "error_handlers", "function": "register_error_handlers", "line": 162}
{"timestamp": "2026-09-19T00:53:53.390642+00:00", "level": "INFO", "logger": "app", "message": "Logging configured - Level: INFO, Log directory: /app/instance/logs", "module": "logging_config", "function": "setup_logging", "line": 149}
{"timestamp": "2026-09-19T00:53:53.390858+00:00", "level": "INFO", "logger": "app", "message": "Error handlers registered", "module": "error_handlers", "function": "register_error_handlers", "line": 162}
{"timestamp": "2026-09-19T00:54:00.384771+00:00", "level": "INFO", "logger": "app", "message": "Logging configured - Level: INFO, Log directory: /app/instance/logs", "module": "logging_config", "function": "setup_logging", "line": 149}
{"timestamp": "2026-09-19T00:54:00.385005+00:00", "level": "INFO", "logger": "app", "message": "Error handlers registered", "module": "error_handlers", "function": "register_error_handlers", "line": 162}
{"timestamp": "2026-09-19T00:54:13.783815+00:00", "level": "INFO", "logger": "app", "message": "Logging configured - Level: INFO, Log directory: /app/instance/logs", "module": "logging_config", "function": "setup_logging", "line": 149}
{"timestamp": "2026-09-19T00:54:13.784042+00:00", "level": "INFO", "logger": "app", "message": "Error handlers registered", "module": "error_handlers", "function": "register_error_handlers", "line": 162}
{"timestamp": "2026-09-19T00:54:39.974505+00:00", "level": "INFO", "logger": "app", "message": "Logging configured - Level: INFO, Log directory: /app/instance/logs", "module": "logging_config", "function": "setup_logging", "line": 149}
{"timestamp": "2026-09-19T00:54:39.974750+00:00", "level": "INFO", "logger": "app", "message": "Error handlers registered", "module": "error_handlers", "function": "register_error_handlers", "line": 162}
{"timestamp": "2026-09-19T00:56:56.961789+00:00", "level": "INFO", "logger": "app", "message": "Logging configured - Level: INFO, Log directory: /app/instance/logs", "module": "logging_config", "function": "setup_logging", "line": 149}
{"timestamp": "2026-09-19T00:56:56.963455+00:00", "level": "INFO", "logger": "app", "message": "Error handlers registered", "module": "error_handlers", "function": "register_error_handlers", "line": 162}
{"timestamp": "2026-09-19T01:02:27.459027+00:00", "level": "INFO", "logger": "app", "message": "Logging configured - Level: INFO, Log directory: /app/instance/logs", "module": "logging_config", "function": "setup_logging", "line": 149}
{"timestamp": "2026-09-19T01:02:27.459923+00:00", "level": "INFO", "logger": "app", "message": "Error handlers registered", "module": "error_handlers", "function": "register_error_handlers", "line": 162}
